Script started on 2022-06-01 12:29:30+05:30 [TERM="xterm-256color" TTY="/dev/pts/0" COLUMNS="120" LINES="30"]
]0;vishwanath@TIGER02711: ~[01;32mvishwanath@TIGER02711[00m:[01;34m~[00m$ cd mnt[K[K[K/mnt
]0;vishwanath@TIGER02711: /mnt[01;32mvishwanath@TIGER02711[00m:[01;34m/mnt[00m$ cd d
]0;vishwanath@TIGER02711: /mnt/d[01;32mvishwanath@TIGER02711[00m:[01;34m/mnt/d[00m$ cd git[K[K[KGit
]0;vishwanath@TIGER02711: /mnt/d/Git[01;32mvishwanath@TIGER02711[00m:[01;34m/mnt/d/Git[00m$ cd my_project/
]0;vishwanath@TIGER02711: /mnt/d/Git/my_project[01;32mvishwanath@TIGER02711[00m:[01;34m/mnt/d/Git/my_project[00m$ git init
Initialized empty Git repository in /mnt/d/Git/my_project/.git/
]0;vishwanath@TIGER02711: /mnt/d/Git/my_project[01;32mvishwanath@TIGER02711[00m:[01;34m/mnt/d/Git/my_project[00m$ git status
On branch master

No commits yet

nothing to commit (create/copy files and use "git add" to track)
]0;vishwanath@TIGER02711: /mnt/d/Git/my_project[01;32mvishwanath@TIGER02711[00m:[01;34m/mnt/d/Git/my_project[00m$ echo 'm[KMy_Project' > REQ[KADME
]0;vishwanath@TIGER02711: /mnt/d/Git/my_project[01;32mvishwanath@TIGER02711[00m:[01;34m/mnt/d/Git/my_project[00m$ git status
On branch master

No commits yet

Untracked files:
  (use "git add <file>..." to include in what will be committed)
	[31mREADME[m

nothing added to commit but untracked files present (use "git add" to track)
]0;vishwanath@TIGER02711: /mnt/d/Git/my_project[01;32mvishwanath@TIGER02711[00m:[01;34m/mnt/d/Git/my_project[00m$ git add README
]0;vishwanath@TIGER02711: /mnt/d/Git/my_project[01;32mvishwanath@TIGER02711[00m:[01;34m/mnt/d/Git/my_project[00m$ git status
On branch master

No commits yet

Changes to be committed:
  (use "git rm --cached <file>..." to unstage)
	[32mnew file:   README[m

]0;vishwanath@TIGER02711: /mnt/d/Git/my_project[01;32mvishwanath@TIGER02711[00m:[01;34m/mnt/d/Git/my_project[00m$ git status
On branch master

No commits yet

Changes to be committed:
  (use "git rm --cached <file>..." to unstage)
	[32mnew file:   README[m

Untracked files:
  (use "git add <file>..." to include in what will be committed)
	[31mCONTRIBUTING.md[m

]0;vishwanath@TIGER02711: /mnt/d/Git/my_project[01;32mvishwanath@TIGER02711[00m:[01;34m/mnt/d/Git/my_project[00m$ git add con[K[K[KCo[KONTRIBUTING.md 
]0;vishwanath@TIGER02711: /mnt/d/Git/my_project[01;32mvishwanath@TIGER02711[00m:[01;34m/mnt/d/Git/my_project[00m$ git status 
On branch master

No commits yet

Changes to be committed:
  (use "git rm --cached <file>..." to unstage)
	[32mnew file:   CONTRIBUTING.md[m
	[32mnew file:   README[m

]0;vishwanath@TIGER02711: /mnt/d/Git/my_project[01;32mvishwanath@TIGER02711[00m:[01;34m/mnt/d/Git/my_project[00m$ vim CONTRIBUTING.md 
[?1049h[22;0;0t[>4;2m[?1h=[?2004h[1;30r[?12h[?12l[22;2t[22;1t[27m[23m[29m[m[H[2J[?25l[30;1H"CONTRIBUTING.md" [noeol] 1L, 11C[2;1H▽[6n[2;1H  [1;1H[>c]10;?]11;?[1;1HVIshwanath
[94m~                                                                                                                       [3;1H~                                                                                                                       [4;1H~                                                                                                                       [5;1H~                                                                                                                       [6;1H~                                                                                                                       [7;1H~                                                                                                                       [8;1H~                                                                                                                       [9;1H~                                                                                                                       [10;1H~                                                                                                                       [11;1H~                                                                                                                       [12;1H~                                                                                                                       [13;1H~                                                                                                                       [14;1H~                                                                                                                       [15;1H~                                                                                                                       [16;1H~                                                                                                                       [17;1H~                                                                                                                       [18;1H~                                                                                                                       [19;1H~                                                                                                                       [20;1H~                                                                                                                       [21;1H~                                                                                                                       [22;1H~                                                                                                                       [23;1H~                                                                                                                       [24;1H~                                                                                                                       [25;1H~                                                                                                                       [26;1H~                                                                                                                       [27;1H~                                                                                                                       [28;1H~                                                                                                                       [29;1H~                                                                                                                       [m[30;103H1,1[11CAll[1;1H[?25h[?25l[30;93H^X[1;1H[30;93H  [1;1H[?25h[?25l[30;93H<20>[1;1H[30;93H    [1;2H[30;105H2[1;2H[?25h[?25l[30;93H<20>[1;2H[30;93H    [1;3H[30;105H3[1;3H[?25h[?25l[30;93H<20>[1;3H[30;93H    [1;4H[30;105H4[1;4H[?25h[?25l[30;93H<20>[1;4H[30;93H    [1;5H[30;105H5[1;5H[?25h[?25l[30;93H<20>[1;5H[30;93H    [1;6H[30;105H6[1;6H[?25h[?25l[30;93H<20>[1;6H[30;93H    [1;7H[30;105H7[1;7H[?25h[?25l[30;93H<20>[1;7H[30;93H    [1;8H[30;105H8[1;8H[?25h[?25l[30;93H<20>[1;8H[30;93H    [1;9H[30;105H9[1;9H[?25h[?25l[30;93H<20>[1;9H[30;93H    [1;10H[30;105H10[1;10H[?25h[?25l[30;93H<20>[1;10H[30;93H    [1;11H[30;106H1[1;11H[?25h[?25l[30;93H^M[1;11H[30;93H  [1;11H[?25h[?25l[30;93H^M[1;11H[30;93H  [1;11H[?25h[?25l[30;93H^M[1;11H[30;93H  [1;11H[?25h[?25l[30;93H~@k[1;11H[30;93H   [1;11H[?25h[?25l[30;93H~@k[1;11H[30;93H   [1;10H[30;106H0[1;10H[?25h[?25l[30;93H~@k[1;10H[30;93H   [1;9H[30;105H9 [1;9H[?25h[?25l[30;93H~@k[1;9H[30;93H   [1;8H[30;105H8[1;8H[?25h[?25l[30;93H~@k[1;8H[30;93H   [1;7H[30;105H7[1;7H[?25h[?25l[30;93H~@k[1;7H[30;93H   [1;6H[30;105H6[1;6H[?25h[?25l[30;93H~@k[1;6H[30;93H   [1;5H[30;105H5[1;5H[?25h[?25l[30;93H~@k[1;5H[30;93H   [1;4H[30;105H4[1;4H[?25h[?25l[30;93H~@k[1;4H[30;93H   [1;3H[30;105H3[1;3H[?25h[?25l[30;93H~@k[1;3H[30;93H   [1;2H[30;105H2[1;2H[?25h[?25l[30;93H~@k[1;2H[30;93H   [1;1H[30;105H1[1;1H[?25h[?25l[30;93H~@k[1;1H[30;93H   [1;1H[?25h[?25l[30;93H~@k[1;1H[30;93H   [1;1H[?25h[?25l[30;93H~@k[1;1H[30;93H   [1;1H[?25h[?25l[30;93H~@k[1;1H[30;93H   [1;1H[?25h[?25l[30;93H~@k[1;1H[30;93H   [1;1H[?25h[?25l[30;93H~@k[1;1H[30;93H   [1;1H[?25h[?25l[30;93Hx[1;1H[30;93H [1;1H[30;93Hdl[1;1H[30;93H  [1;1HIshwanath [?25h[?25l[30;93Hx[1;1H[30;93H [1;1H[30;93Hdl[1;1H[30;93H  [1;1Hshwanath [?25h[?25l[30;93Hx[1;1H[30;93H [1;1H[30;93Hdl[1;1H[30;93H  [1;1Hhwanath [?25h[?25l[30;93Hx[1;1H[30;93H [1;1H[30;93Hdl[1;1H[30;93H  [1;1Hwanath [?25h[?25l[30;93Hx[1;1H[30;93H [1;1H[30;93Hdl[1;1H[30;93H  [1;1Hanath [?25h[?25l[30;93Hx[1;1H[30;93H [1;1H[30;93Hdl[1;1H[30;93H  [1;1Hnath [?25h[?25l[30;93Hx[1;1H[30;93H [1;1H[30;93Hdl[1;1H[30;93H  [1;1Hath [?25h[?25l[30;93Hx[1;1H[30;93H [1;1H[30;93Hdl[1;1H[30;93H  [1;1Hth [?25h[?25l[30;93Hx[1;1H[30;93H [1;1H[30;93Hdl[1;1H[30;93H  [1;1Hh [?25h[?25l[30;93Hx[1;1H[30;93H [1;1H[30;93Hdl[1;1H[30;93H  [1;1H [?25h[?25l[30;93Hx[1;1H[30;93H [1;1H[30;93Hdl[1;1H[30;93H  [1;1H[30;105H0-1[1;1H[?25h[?25l[30;93Hx[1;1H[30;93H [1;1H[30;93Hdl[1;1H[30;93H  [1;1H[?25h[?25l[30;93Hx[1;1H[30;93H [1;1H[30;93Hdl[1;1H[30;93H  [1;1H[?25h[?25l[30;1HType  :qa!  and press <Enter> to abandon all changes and exit Vim[30;103H[K[30;103H1,0-1[9CAll[1;1H[?25h[?25l[30;93H^X[1;1H[30;93H  [1;1H[?25h[?25l[30;93H^X[1;1H[30;93H  [1;1H[?25h[?25l[30;103H[K[30;103H1,0-1[9CAll[1;1H[?25h[?25l[30;103H[K[30;103H1,0-1[9CAll[1;1H[?25h[?25l[30;93H~@k[1;1H[30;93H   [1;1H[?25h[?25l[30;93Hq[1;1H[?25h[?25l[30;94Ha[1;1H[30;1H[1mrecording @a[m[30;13H[K[30;103H1,0-1[9CAll[1;1H[?25h[?25l[30;93H![1;1H[?25h[?25l[30;94H^M[1;1H[30;93H   [1;1H[?25h[?25l[30;93H^[[1;1H[30;93H  [1;1H[30;93H^[[1;1H[30;93H  [1;1H[?25h[?25l[30;93Hq[1;1H[30;1H[K[1;1H[30;103H1,0-1[9CAll[1;1H[?25h[?25l[30;93Hq[1;1H[?25h[?25l[30;94Ha[1;1H[30;1H[1mrecording @a[m[30;93H[K[30;103H1,0-1[9CAll[1;1H[?25h[?25l[30;93Hq[1;1H[30;1H[K[1;1H[30;103H1,0-1[9CAll[1;1H[?25h[?25l[30;93Ha[1;1H[30;93H [1;1H[30;1H[1m-- INSERT --[m[30;103H[K[30;103H1,1[11CAll[1;1H[?25h[?25lq[30;105H2[1;2H[?25h[?25lq[30;105H3[1;3H[?25h[?25l[1;2H[K[30;105H2[1;2H[?25h[?25l[1;1H[K[30;105H1[1;1H[?25h[?25lq[30;105H2[1;2H[?25h[?25la[30;105H3[1;3H[?25h[?25l![30;105H4[1;4H[?25h[?25l[2;1H[K[30;103H2,1[2;1H[?25h[?25l[3;1H[K[30;103H3[3;1H[?25h[?25l[4;1H[K[30;103H4[4;1H[?25h[?25l[5;1H[K[30;103H5[5;1H[?25h[?25l[6;1H[K[30;103H6[6;1H[?25h[?25l[7;1H[K[30;103H7[7;1H[?25h[?25l[8;1H[K[30;103H8[8;1H[?25h[?25l[9;1H[K[30;103H9[9;1H[?25h[?25l[10;1H[K[30;103H10,1[10;1H[?25h[?25l[11;1H[K[30;104H1[11;1H[?25h[?25l[12;1H[K[30;104H2[12;1H[?25h[?25l[13;1H[K[30;104H3[13;1H[?25h[?25l[14;1H[K[30;104H4[14;1H[?25h[?25l[15;1H[K[30;104H5[15;1H[?25h[?25l[16;1H[K[30;104H6[16;1H[?25h[?25l[17;1H[K[30;104H7[17;1H[?25h[?25l[18;1H[K[30;104H8[18;1H[?25h[?25l[19;1H[K[30;104H9[19;1H[?25h[?25l[20;1H[K[30;103H20[20;1H[?25h[?25l[21;1H[K[30;104H1[21;1H[?25h[?25l[22;1H[K[30;104H2[22;1H[?25h[?25l[23;1H[K[30;104H3[23;1H[?25h[?25l[24;1H[K[30;104H4[24;1H[?25h[?25l[25;1H[K[30;104H5[25;1H[?25h[?25l[26;1H[K[30;104H6[26;1H[?25h[?25l[27;1H[K[30;104H7[27;1H[?25h[?25l[28;1H[K[30;104H8[28;1H[?25h[?25l[29;1H[K[30;104H9[29;1H[?25h[?25l[1;29r[29;1H
[1;30r[30;103H[K[30;103H30,1[10CBot[29;1H[?25h[?25l[1;29r[29;1H
[1;30r[30;103H[K[30;103H31,1[10CBot[29;1H[?25h[?25l[1;29r[29;1H
[1;30r[30;103H[K[30;103H32,1[10CBot[29;1H[?25h[?25l[1;29r[29;1H
[1;30r[30;103H[K[30;103H33,1[10CBot[29;1H[?25h[?25l[94m~                                                                                                                       [m[30;104H2[28;1H[?25h[?25l[94m~                                                                                                                       [m[30;104H1[27;1H[?25h[?25l[94m~                                                                                                                       [m[30;104H0[26;1H[?25h[?25l[94m~                                                                                                                       [m[30;103H29[25;1H[?25h[?25l[94m~                                                                                                                       [m[30;104H8[24;1H[?25h[?25l[94m~                                                                                                                       [m[30;104H7[23;1H[?25h[?25l[94m~                                                                                                                       [m[30;104H6[22;1H[?25h[?25l[94m~                                                                                                                       [m[30;104H5[21;1H[?25h[?25l[94m~                                                                                                                       [m[30;104H4[20;1H[?25h[?25l[94m~                                                                                                                       [m[30;104H3[19;1H[?25h[?25l[94m~                                                                                                                       [m[30;104H2[18;1H[?25h[?25l[94m~                                                                                                                       [m[30;104H1[17;1H[?25h[?25l[94m~                                                                                                                       [m[30;104H0[16;1H[?25h[?25l[94m~                                                                                                                       [m[30;103H19[15;1H[?25h[?25l[94m~                                                                                                                       [m[30;104H8[14;1H[?25h[?25l[94m~                                                                                                                       [m[30;104H7[13;1H[?25h[?25l[94m~                                                                                                                       [m[30;104H6[12;1H[?25h[?25l[94m~                                                                                                                       [m[30;104H5[11;1H[?25h[?25l[94m~                                                                                                                       [m[30;104H4[10;1H[?25h[?25l[94m~                                                                                                                       [m[30;104H3[9;1H[?25h[?25l[94m~                                                                                                                       [m[30;104H2[8;1H[?25h[?25l[94m~                                                                                                                       [m[30;104H1[7;1H[?25h[?25l[94m~                                                                                                                       [m[30;104H0[6;1H[?25h[?25l[1;29r[1;1H[L[1;30r[7;1H[94m~                                                                                                                       [m[30;103H[K[30;103H9,1[11CBot[6;1H[?25h[?25l[1;29r[1;1H[L[1;30r[7;1H[94m~                                                                                                                       [m[30;103H[K[30;103H8,1[11CBot[6;1H[?25h[?25l[1;29r[1;1H[L[1;30r[7;1H[94m~                                                                                                                       [m[30;103H[K[30;103H7,1[11CBot[6;1H[?25h[?25l[1;29r[1;1H[L[1;30r[1;1Hqa![7;1H[94m~                                                                                                                       [m[30;103H[K[30;103H6,1[11CAll[6;1H[?25h[?25l[94m~                                                                                                                       [m[30;103H5[5;1H[?25h[?25l[94m~                                                                                                                       [m[30;103H4[4;1H[?25h[?25l[94m~                                                                                                                       [m[30;103H3[3;1H[?25h[?25l[94m~                                                                                                                       [m[30;103H2[2;1H[?25h[?25l[94m~                                                                                                                       [m[30;103H1,4[1;4H[?25h[?25l[1;3H[K[30;105H3[1;3H[?25h[?25l[1;2H[K[30;105H2[1;2H[?25h[?25l[1;1H[K[30;105H1[1;1H[?25h[?25l[30;1H[K[30;103H1,0-1[9CAll[1;1H[?25h[?25l[30;1HType  :qa!  and press <Enter> to abandon all changes and exit Vim[30;103H[K[30;103H1,0-1[9CAll[1;1H[?25h[?25l[30;93Hq[1;1H[?25h[?25l[30;94Ha[1;1H[30;1H[1mrecording @a[m[30;13H[K[30;103H1,0-1[9CAll[1;1H[?25h[?25l[30;93H![1;1H[?25h[?25l[30;94H^M[1;1H[30;93H   [1;1H[?25h[?25l[30;1HType  :qa!  and press <Enter> to abandon all changes and exit Vim[30;103H[K[30;1H[1mrecording @a[m[30;13H[K[30;103H1,0-1[9CAll[1;1H[?25h[?25l[30;93H^[[1;1H[30;93H  [1;1H[30;93H^[[1;1H[30;93H  [1;1H[?25h[?25l[30;93Hq[1;1H[30;1H[K[1;1H[30;103H1,0-1[9CAll[1;1H[?25h[?25l[30;93Ha[1;1H[30;93H [1;1H[30;1H[1m-- INSERT --[m[30;103H[K[30;103H1,1[11CAll[1;1H[?25h[?25lq[30;105H2[1;2H[?25h[?25la[30;105H3[1;3H[?25h[?25l![30;105H4[1;4H[?25h[?25l[2;1H[K[30;103H2,1[2;1H[?25h[?25l[94m~                                                                                                                       [m[30;103H1,4[1;4H[?25h[?25l[1;3H[K[30;105H3[1;3H[?25h[?25l[1;2H[K[30;105H2[1;2H[?25h[?25l[1;1H[K[30;105H1[1;1H[?25h[?25l[30;4H[1m^X mode (^]^D^E^F^I^K^L^N^O^Ps^U^V^Y)[m[30;103H[K[1;1H[?25h[?25l[30;4H[1mINSERTe --^[m[30;13H[K[30;103H1,1[11CAll[30;4H[1m^X mode (^]^D^E^F^I^K^L^N^O^Ps^U^V^Y)[m[30;103H[K[1;1H[?25h[?25l[30;4H[1mINSERTe --^[m[30;13H[K[30;103H1,1[11CAll[2;1H[K[30;103H2[2;1H[?25h[?25l\[30;105H2[2;2H[?25h[?25l[2;1H[K[30;105H1[2;1H[?25h[?25l[94m~                                                                                                                       [m[30;103H1[1;1H[?25h[?25l[30;4H[1m^X mode (^]^D^E^F^I^K^L^N^O^Ps^U^V^Y)[m[30;103H[K[1;1H[?25h[?25l[30;4H[1mINSERTe --^[m[30;13H[K[30;103H1,1[11CAll[2;1H[K[30;103H2[2;1H[?25h[?25l[94m~                                                                                                                       [m[30;103H1[1;1H[?25h[?25lq[30;105H2[1;2H[?25h[?25la[30;105H3[1;3H[?25h[?25l![30;105H4[1;4H[?25h[?25l[2;1H[K[30;103H2,1[2;1H[?25h[?25l[94m~                                                                                                                       [m[30;103H1,4[1;4H[?25h[?25l[1;3H[K[30;105H3[1;3H[?25h[?25l[1;2H[K[30;105H2[1;2H[?25h[?25l[1;1H[K[30;105H1[1;1H[?25h[?25lz[30;105H2[1;2H[?25h[?25lz[30;105H3[1;3H[?25h[?25l[2;1H[K[30;103H2,1[2;1H[?25h[30;1H[K[2;1H[?25l[30;93H^[[2;1H[30;93H  [2;1H[30;103H2,0-1[9CAll[2;1H[?25h[?25l[30;93Hz[2;1H[?25h[?25l[30;94Hz[2;1H[30;93H  [2;1H[?25h[?25l[30;93H^Z[2;1H[30;1H
[?2004l[?1l>[?25h[>4;m[?1049l[23;0;0t
[1]+  Stopped                 vim CONTRIBUTING.md
]0;vishwanath@TIGER02711: /mnt/d/Git/my_project[01;32mvishwanath@TIGER02711[00m:[01;34m/mnt/d/Git/my_project[00m$ git status
On branch master

No commits yet

Changes to be committed:
  (use "git rm --cached <file>..." to unstage)
	[32mnew file:   CONTRIBUTING.md[m
	[32mnew file:   README[m

Untracked files:
  (use "git add <file>..." to include in what will be committed)
	[31m.CONTRIBUTING.md.swp[m

]0;vishwanath@TIGER02711: /mnt/d/Git/my_project[01;32mvishwanath@TIGER02711[00m:[01;34m/mnt/d/Git/my_project[00m$ git add CONTRIBUTING.md 
]0;vishwanath@TIGER02711: /mnt/d/Git/my_project[01;32mvishwanath@TIGER02711[00m:[01;34m/mnt/d/Git/my_project[00m$ git status
On branch master

No commits yet

Changes to be committed:
  (use "git rm --cached <file>..." to unstage)
	[32mnew file:   CONTRIBUTING.md[m
	[32mnew file:   README[m

Untracked files:
  (use "git add <file>..." to include in what will be committed)
	[31m.CONTRIBUTING.md.swp[m

]0;vishwanath@TIGER02711: /mnt/d/Git/my_project[01;32mvishwanath@TIGER02711[00m:[01;34m/mnt/d/Git/my_project[00m$ cat .gitignore
cat: .gitignore: No such file or directory
]0;vishwanath@TIGER02711: /mnt/d/Git/my_project[01;32mvishwanath@TIGER02711[00m:[01;34m/mnt/d/Git/my_project[00m$ git status
On branch master

No commits yet

Changes to be committed:
  (use "git rm --cached <file>..." to unstage)
	[32mnew file:   CONTRIBUTING.md[m
	[32mnew file:   README[m

Untracked files:
  (use "git add <file>..." to include in what will be committed)
	[31m.CONTRIBUTING.md.swp[m

]0;vishwanath@TIGER02711: /mnt/d/Git/my_project[01;32mvishwanath@TIGER02711[00m:[01;34m/mnt/d/Git/my_project[00m$ git diff
[?1h=[K[?1l>]0;vishwanath@TIGER02711: /mnt/d/Git/my_project[01;32mvishwanath@TIGER02711[00m:[01;34m/mnt/d/Git/my_project[00m$ git add co[K[KCon[K[KONTRIBUTING.md 
]0;vishwanath@TIGER02711: /mnt/d/Git/my_project[01;32mvishwanath@TIGER02711[00m:[01;34m/mnt/d/Git/my_project[00m$ echo '#test line'>> CONTRIBUTING.md 
]0;vishwanath@TIGER02711: /mnt/d/Git/my_project[01;32mvishwanath@TIGER02711[00m:[01;34m/mnt/d/Git/my_project[00m$ git status
On branch master

No commits yet

Changes to be committed:
  (use "git rm --cached <file>..." to unstage)
	[32mnew file:   CONTRIBUTING.md[m
	[32mnew file:   README[m

Changes not staged for commit:
  (use "git add <file>..." to update what will be committed)
  (use "git restore <file>..." to discard changes in working directory)
	[31mmodified:   CONTRIBUTING.md[m

Untracked files:
  (use "git add <file>..." to include in what will be committed)
	[31m.CONTRIBUTING.md.swp[m

]0;vishwanath@TIGER02711: /mnt/d/Git/my_project[01;32mvishwanath@TIGER02711[00m:[01;34m/mnt/d/Git/my_project[00m$ git diff
[?1h=[1mdiff --git a/CONTRIBUTING.md b/CONTRIBUTING.md[m[m
[1mindex 4cbe19c..2f31803 100644[m[m
[1m--- a/CONTRIBUTING.md[m[m
[1m+++ b/CONTRIBUTING.md[m[m
[36m@@ -1 +1 @@[m[m
[31m-VIshwanath [m[m
\ No newline at end of file[m[m
[32m+[m[32mVIshwanath #test line[m[m
[K[?1l>]0;vishwanath@TIGER02711: /mnt/d/Git/my_project[01;32mvishwanath@TIGER02711[00m:[01;34m/mnt/d/Git/my_project[00m$ git status
On branch master

No commits yet

Changes to be committed:
  (use "git rm --cached <file>..." to unstage)
	[32mnew file:   CONTRIBUTING.md[m
	[32mnew file:   README[m

Changes not staged for commit:
  (use "git add <file>..." to update what will be committed)
  (use "git restore <file>..." to discard changes in working directory)
	[31mmodified:   CONTRIBUTING.md[m

]0;vishwanath@TIGER02711: /mnt/d/Git/my_project[01;32mvishwanath@TIGER02711[00m:[01;34m/mnt/d/Git/my_project[00m$ git commit -m "Inita[Kial [K_Fr[K[KDraft"

*** Please tell me who you are.

Run

  git config --global user.email "you@example.com"
  git config --global user.name "Your Name"

to set your account's default identity.
Omit --global to set the identity only in this repository.

fatal: empty ident name (for <vishwanath@TIGER02711.tigeranalytics.local>) not allowed
]0;vishwanath@TIGER02711: /mnt/d/Git/my_project[01;32mvishwanath@TIGER02711[00m:[01;34m/mnt/d/Git/my_project[00m$ git config --global user.email "vishwaa[Knath.mural@tigeranalytics.com"
]0;vishwanath@TIGER02711: /mnt/d/Git/my_project[01;32mvishwanath@TIGER02711[00m:[01;34m/mnt/d/Git/my_project[00m$ git config --global user.name "Vishwanath"[K[K[K[K[K[K[Kwanath-tiger"
]0;vishwanath@TIGER02711: /mnt/d/Git/my_project[01;32mvishwanath@TIGER02711[00m:[01;34m/mnt/d/Git/my_project[00m$ gi[K[Kgit commit -m "Initai[K[Kial_Draft"
[master (root-commit) cbb7884] Initial_Draft
 2 files changed, 2 insertions(+)
 create mode 100644 CONTRIBUTING.md
 create mode 100644 README
]0;vishwanath@TIGER02711: /mnt/d/Git/my_project[01;32mvishwanath@TIGER02711[00m:[01;34m/mnt/d/Git/my_project[00m$ git log
[?1h=[33mcommit cbb7884cfb682655d7db9f32116c74a3da631497[m[33m ([m[1;36mHEAD -> [m[1;32mmaster[m[33m)[m[m
Author: Vishwanath-tiger <vishwanath.mural@tigeranalytics.com>[m
Date:   Wed Jun 1 13:02:10 2022 +0530[m
[m
    Initial_Draft[m
[K[?1l>]0;vishwanath@TIGER02711: /mnt/d/Git/my_project[01;32mvishwanath@TIGER02711[00m:[01;34m/mnt/d/Git/my_project[00m$ git mv README.md README
fatal: bad source, source=README.md, destination=README
]0;vishwanath@TIGER02711: /mnt/d/Git/my_project[01;32mvishwanath@TIGER02711[00m:[01;34m/mnt/d/Git/my_project[00m$ got[K[Kit clone hrr[K[Kttps://gituhub.com/schacon/simplegit-por[K[Krogit
Cloning into 'simplegit-progit'...
fatal: unable to update url base from redirection:
  asked for: https://gituhub.com/schacon/simplegit-progit/info/refs?service=git-upload-pack
   redirect: http://ww1.gituhub.com/
]0;vishwanath@TIGER02711: /mnt/d/Git/my_project[01;32mvishwanath@TIGER02711[00m:[01;34m/mnt/d/Git/my_project[00m$ git log
[?1h=[33mcommit cbb7884cfb682655d7db9f32116c74a3da631497[m[33m ([m[1;36mHEAD -> [m[1;32mmaster[m[33m)[m[m
Author: Vishwanath-tiger <vishwanath.mural@tigeranalytics.com>[m
Date:   Wed Jun 1 13:02:10 2022 +0530[m
[m
    Initial_Draft[m
[K[?1l>]0;vishwanath@TIGER02711: /mnt/d/Git/my_project[01;32mvishwanath@TIGER02711[00m:[01;34m/mnt/d/Git/my_project[00m$ git logclone https://gituhub.com/schacon/simplegit-progit[C[1Phub.com/schacon/simplegit-progit[C[C[C[C[C[C[C[C[C[C[C[C[C[C[C[C[C[C[C[C[C[C[C[C[C[C[C[C[C[C[C[C
Cloning into 'simplegit-progit'...
remote: Enumerating objects: 13, done.[K
remote: Total 13 (delta 0), reused 0 (delta 0), pack-reused 13[K
Unpacking objects:   7% (1/13)Unpacking objects:  15% (2/13)Unpacking objects:  23% (3/13)Unpacking objects:  30% (4/13)Unpacking objects:  38% (5/13)Unpacking objects:  46% (6/13)Unpacking objects:  53% (7/13)Unpacking objects:  61% (8/13)Unpacking objects:  69% (9/13)Unpacking objects:  76% (10/13)Unpacking objects:  84% (11/13)Unpacking objects:  92% (12/13)Unpacking objects: 100% (13/13)Unpacking objects: 100% (13/13), 1.55 KiB | 4.00 KiB/s, done.
]0;vishwanath@TIGER02711: /mnt/d/Git/my_project[01;32mvishwanath@TIGER02711[00m:[01;34m/mnt/d/Git/my_project[00m$ git log
[?1h=[33mcommit cbb7884cfb682655d7db9f32116c74a3da631497[m[33m ([m[1;36mHEAD -> [m[1;32mmaster[m[33m)[m[m
Author: Vishwanath-tiger <vishwanath.mural@tigeranalytics.com>[m
Date:   Wed Jun 1 13:02:10 2022 +0530[m
[m
    Initial_Draft[m
[K[?1l>]0;vishwanath@TIGER02711: /mnt/d/Git/my_project[01;32mvishwanath@TIGER02711[00m:[01;34m/mnt/d/Git/my_project[00m$ git log -p -2
[?1h=[33mcommit cbb7884cfb682655d7db9f32116c74a3da631497[m[33m ([m[1;36mHEAD -> [m[1;32mmaster[m[33m)[m[m
Author: Vishwanath-tiger <vishwanath.mural@tigeranalytics.com>[m
Date:   Wed Jun 1 13:02:10 2022 +0530[m
[m
    Initial_Draft[m
[m
[1mdiff --git a/CONTRIBUTING.md b/CONTRIBUTING.md[m[m
[1mnew file mode 100644[m[m
[1mindex 0000000..4cbe19c[m[m
[1m--- /dev/null[m[m
[1m+++ b/CONTRIBUTING.md[m[m
[36m@@ -0,0 +1 @@[m[m
[32m+[m[32mVIshwanath[m[41m [m[m
\ No newline at end of file[m[m
[1mdiff --git a/README b/README[m[m
[1mnew file mode 100644[m[m
[1mindex 0000000..aaac13e[m[m
[1m--- /dev/null[m[m
[1m+++ b/README[m[m
[36m@@ -0,0 +1 @@[m[m
[32m+[m[32mMy_Project[m[m
[K[?1l>]0;vishwanath@TIGER02711: /mnt/d/Git/my_project[01;32mvishwanath@TIGER02711[00m:[01;34m/mnt/d/Git/my_project[00m$ git log --stat
[?1h=[33mcommit cbb7884cfb682655d7db9f32116c74a3da631497[m[33m ([m[1;36mHEAD -> [m[1;32mmaster[m[33m)[m[m
Author: Vishwanath-tiger <vishwanath.mural@tigeranalytics.com>[m
Date:   Wed Jun 1 13:02:10 2022 +0530[m
[m
    Initial_Draft[m
[m
 CONTRIBUTING.md | 1 [32m+[m[m
 README          | 1 [32m+[m[m
 2 files changed, 2 insertions(+)[m
[K[?1l>]0;vishwanath@TIGER02711: /mnt/d/Git/my_project[01;32mvishwanath@TIGER02711[00m:[01;34m/mnt/d/Git/my_project[00m$ git log --pretty=oneline
[?1h=[33mcbb7884cfb682655d7db9f32116c74a3da631497[m[33m ([m[1;36mHEAD -> [m[1;32mmaster[m[33m)[m Initial_Draft[m
[K[?1l>]0;vishwanath@TIGER02711: /mnt/d/Git/my_project[01;32mvishwanath@TIGER02711[00m:[01;34m/mnt/d/Git/my_project[00m$ git status
On branch master
Changes not staged for commit:
  (use "git add <file>..." to update what will be committed)
  (use "git restore <file>..." to discard changes in working directory)
	[31mmodified:   CONTRIBUTING.md[m

Untracked files:
  (use "git add <file>..." to include in what will be committed)
	[31mforgotten_file.txt[m
	[31msimplegit-progit/[m

no changes added to commit (use "git add" and/or "git commit -a")
]0;vishwanath@TIGER02711: /mnt/d/Git/my_project[01;32mvishwanath@TIGER02711[00m:[01;34m/mnt/d/Git/my_project[00m$ git status
On branch master
Changes not staged for commit:
  (use "git add <file>..." to update what will be committed)
  (use "git restore <file>..." to discard changes in working directory)
	[31mmodified:   CONTRIBUTING.md[m

Untracked files:
  (use "git add <file>..." to include in what will be committed)
	[31mforgotten_file.txt[m

no changes added to commit (use "git add" and/or "git commit -a")
]0;vishwanath@TIGER02711: /mnt/d/Git/my_project[01;32mvishwanath@TIGER02711[00m:[01;34m/mnt/d/Git/my_project[00m$ git add forgotten_file.txt 
]0;vishwanath@TIGER02711: /mnt/d/Git/my_project[01;32mvishwanath@TIGER02711[00m:[01;34m/mnt/d/Git/my_project[00m$ git status
On branch master
Changes to be committed:
  (use "git restore --staged <file>..." to unstage)
	[32mnew file:   forgotten_file.txt[m

Changes not staged for commit:
  (use "git add <file>..." to update what will be committed)
  (use "git restore <file>..." to discard changes in working directory)
	[31mmodified:   CONTRIBUTING.md[m

]0;vishwanath@TIGER02711: /mnt/d/Git/my_project[01;32mvishwanath@TIGER02711[00m:[01;34m/mnt/d/Git/my_project[00m$ git commit -m "Secnond[K[K[K[Kond_c[KDraft"
[master 259b6d6] Second_Draft
 1 file changed, 1 insertion(+)
 create mode 100644 forgotten_file.txt
]0;vishwanath@TIGER02711: /mnt/d/Git/my_project[01;32mvishwanath@TIGER02711[00m:[01;34m/mnt/d/Git/my_project[00m$ git add *
]0;vishwanath@TIGER02711: /mnt/d/Git/my_project[01;32mvishwanath@TIGER02711[00m:[01;34m/mnt/d/Git/my_project[00m$ git status
On branch master
Changes to be committed:
  (use "git restore --staged <file>..." to unstage)
	[32mmodified:   CONTRIBUTING.md[m

]0;vishwanath@TIGER02711: /mnt/d/Git/my_project[01;32mvishwanath@TIGER02711[00m:[01;34m/mnt/d/Git/my_project[00m$ git reset head [K[K[K[K[KHEAD V[KCONTRIBUTING.md
Unstaged changes after reset:
M	CONTRIBUTING.md
]0;vishwanath@TIGER02711: /mnt/d/Git/my_project[01;32mvishwanath@TIGER02711[00m:[01;34m/mnt/d/Git/my_project[00m$ git status
On branch master
Changes not staged for commit:
  (use "git add <file>..." to update what will be committed)
  (use "git restore <file>..." to discard changes in working directory)
	[31mmodified:   CONTRIBUTING.md[m

no changes added to commit (use "git add" and/or "git commit -a")
]0;vishwanath@TIGER02711: /mnt/d/Git/my_project[01;32mvishwanath@TIGER02711[00m:[01;34m/mnt/d/Git/my_project[00m$ git checkout --CONTRIBUTING M[Kmf[Kd[K[K[K[KG.md
error: unknown option `CONTRIBUTING.md'
usage: git checkout [<options>] <branch>
   or: git checkout [<options>] [<branch>] -- <file>...

    -b <branch>           create and checkout a new branch
    -B <branch>           create/reset and checkout a branch
    -l                    create reflog for new branch
    --guess               second guess 'git checkout <no-such-branch>' (default)
    --overlay             use overlay mode (default)
    -q, --quiet           suppress progress reporting
    --recurse-submodules[=<checkout>]
                          control recursive updating of submodules
    --progress            force progress reporting
    -m, --merge           perform a 3-way merge with the new branch
    --conflict <style>    conflict style (merge or diff3)
    -d, --detach          detach HEAD at named commit
    -t, --track           set upstream info for new branch
    -f, --force           force checkout (throw away local modifications)
    --orphan <new-branch>
                          new unparented branch
    --overwrite-ignore    update ignored files (default)
    --ignore-other-worktrees
                          do not check if another worktree is holding the given ref
    -2, --ours            checkout our version for unmerged files
    -3, --theirs          checkout their version for unmerged files
    -p, --patch           select hunks interactively
    --ignore-skip-worktree-bits
                          do not limit pathspecs to sparse entries only
    --pathspec-from-file <file>
                          read pathspec from file
    --pathspec-file-nul   with --pathspec-from-file, pathspec elements are separated with NUL character

]0;vishwanath@TIGER02711: /mnt/d/Git/my_project[01;32mvishwanath@TIGER02711[00m:[01;34m/mnt/d/Git/my_project[00m$ git a[Kstatus
On branch master
Changes not staged for commit:
  (use "git add <file>..." to update what will be committed)
  (use "git restore <file>..." to discard changes in working directory)
	[31mmodified:   CONTRIBUTING.md[m

no changes added to commit (use "git add" and/or "git commit -a")
]0;vishwanath@TIGER02711: /mnt/d/Git/my_project[01;32mvishwanath@TIGER02711[00m:[01;34m/mnt/d/Git/my_project[00m$ git add c[KCONTRIBUTING.md 
]0;vishwanath@TIGER02711: /mnt/d/Git/my_project[01;32mvishwanath@TIGER02711[00m:[01;34m/mnt/d/Git/my_project[00m$ git status
On branch master
Changes to be committed:
  (use "git restore --staged <file>..." to unstage)
	[32mmodified:   CONTRIBUTING.md[m

]0;vishwanath@TIGER02711: /mnt/d/Git/my_project[01;32mvishwanath@TIGER02711[00m:[01;34m/mnt/d/Git/my_project[00m$ git ce[Kheckout CONTRIBUTING.md
Updated 0 paths from the index
]0;vishwanath@TIGER02711: /mnt/d/Git/my_project[01;32mvishwanath@TIGER02711[00m:[01;34m/mnt/d/Git/my_project[00m$ git add *
]0;vishwanath@TIGER02711: /mnt/d/Git/my_project[01;32mvishwanath@TIGER02711[00m:[01;34m/mnt/d/Git/my_project[00m$ git status
On branch master
Changes to be committed:
  (use "git restore --staged <file>..." to unstage)
	[32mmodified:   CONTRIBUTING.md[m

]0;vishwanath@TIGER02711: /mnt/d/Git/my_project[01;32mvishwanath@TIGER02711[00m:[01;34m/mnt/d/Git/my_project[00m$ git restore --staged CONTRIBUTING.md
]0;vishwanath@TIGER02711: /mnt/d/Git/my_project[01;32mvishwanath@TIGER02711[00m:[01;34m/mnt/d/Git/my_project[00m$ git status
On branch master
Changes not staged for commit:
  (use "git add <file>..." to update what will be committed)
  (use "git restore <file>..." to discard changes in working directory)
	[31mmodified:   CONTRIBUTING.md[m

no changes added to commit (use "git add" and/or "git commit -a")
]0;vishwanath@TIGER02711: /mnt/d/Git/my_project[01;32mvishwanath@TIGER02711[00m:[01;34m/mnt/d/Git/my_project[00m$ git restore co[K[KCONTRIBUTING.md
]0;vishwanath@TIGER02711: /mnt/d/Git/my_project[01;32mvishwanath@TIGER02711[00m:[01;34m/mnt/d/Git/my_project[00m$ git status
On branch master
nothing to commit, working tree clean
]0;vishwanath@TIGER02711: /mnt/d/Git/my_project[01;32mvishwanath@TIGER02711[00m:[01;34m/mnt/d/Git/my_project[00m$ git remote
]0;vishwanath@TIGER02711: /mnt/d/Git/my_project[01;32mvishwanath@TIGER02711[00m:[01;34m/mnt/d/Git/my_project[00m$ git clone https://github [K.com/schacon/ticgit
Cloning into 'ticgit'...
remote: Enumerating objects: 1857, done.[K
Receiving objects:   0% (1/1857)Receiving objects:   1% (19/1857)Receiving objects:   2% (38/1857)Receiving objects:   3% (56/1857)Receiving objects:   4% (75/1857)Receiving objects:   5% (93/1857)Receiving objects:   6% (112/1857)Receiving objects:   7% (130/1857)Receiving objects:   8% (149/1857)Receiving objects:   9% (168/1857)Receiving objects:  10% (186/1857)Receiving objects:  11% (205/1857)Receiving objects:  12% (223/1857)Receiving objects:  13% (242/1857)Receiving objects:  14% (260/1857)Receiving objects:  15% (279/1857)Receiving objects:  16% (298/1857)Receiving objects:  17% (316/1857)Receiving objects:  18% (335/1857)Receiving objects:  19% (353/1857)Receiving objects:  20% (372/1857)Receiving objects:  21% (390/1857)Receiving objects:  22% (409/1857)Receiving objects:  23% (428/1857)Receiving objects:  24% (446/1857)Receiving objects:  25% (465/1857)Receiving objects:  26% (483/1857)Receiving objects:  27% (502/1857)Receiving objects:  28% (520/1857)Receiving objects:  29% (539/1857)Receiving objects:  30% (558/1857)Receiving objects:  31% (576/1857)Receiving objects:  32% (595/1857)Receiving objects:  33% (613/1857)Receiving objects:  34% (632/1857)Receiving objects:  35% (650/1857)Receiving objects:  36% (669/1857)Receiving objects:  37% (688/1857)Receiving objects:  38% (706/1857)Receiving objects:  39% (725/1857)Receiving objects:  40% (743/1857)Receiving objects:  41% (762/1857)Receiving objects:  42% (780/1857)Receiving objects:  43% (799/1857)Receiving objects:  44% (818/1857)Receiving objects:  45% (836/1857)Receiving objects:  46% (855/1857)Receiving objects:  47% (873/1857)Receiving objects:  48% (892/1857)Receiving objects:  49% (910/1857)Receiving objects:  50% (929/1857)Receiving objects:  51% (948/1857)Receiving objects:  52% (966/1857)Receiving objects:  53% (985/1857)Receiving objects:  54% (1003/1857)Receiving objects:  55% (1022/1857)Receiving objects:  56% (1040/1857)Receiving objects:  57% (1059/1857)Receiving objects:  58% (1078/1857)Receiving objects:  59% (1096/1857)Receiving objects:  60% (1115/1857)Receiving objects:  61% (1133/1857)Receiving objects:  62% (1152/1857)Receiving objects:  63% (1170/1857)Receiving objects:  64% (1189/1857)Receiving objects:  65% (1208/1857)Receiving objects:  66% (1226/1857)Receiving objects:  67% (1245/1857)Receiving objects:  68% (1263/1857)Receiving objects:  69% (1282/1857)Receiving objects:  70% (1300/1857)Receiving objects:  71% (1319/1857)Receiving objects:  72% (1338/1857)Receiving objects:  73% (1356/1857)Receiving objects:  74% (1375/1857)Receiving objects:  75% (1393/1857)Receiving objects:  76% (1412/1857)Receiving objects:  77% (1430/1857)Receiving objects:  78% (1449/1857)Receiving objects:  79% (1468/1857)Receiving objects:  80% (1486/1857)Receiving objects:  81% (1505/1857)Receiving objects:  82% (1523/1857)Receiving objects:  83% (1542/1857)Receiving objects:  84% (1560/1857)Receiving objects:  85% (1579/1857)Receiving objects:  86% (1598/1857)Receiving objects:  87% (1616/1857)Receiving objects:  88% (1635/1857)Receiving objects:  89% (1653/1857)Receiving objects:  90% (1672/1857)Receiving objects:  91% (1690/1857)Receiving objects:  92% (1709/1857)Receiving objects:  93% (1728/1857)Receiving objects:  94% (1746/1857)Receiving objects:  95% (1765/1857)Receiving objects:  96% (1783/1857)Receiving objects:  97% (1802/1857)Receiving objects:  98% (1820/1857)remote: Total 1857 (delta 0), reused 0 (delta 0), pack-reused 1857[K
Receiving objects:  99% (1839/1857)Receiving objects: 100% (1857/1857)Receiving objects: 100% (1857/1857), 334.06 KiB | 2.06 MiB/s, done.
Resolving deltas:   0% (0/837)Resolving deltas:   1% (9/837)Resolving deltas:   2% (24/837)Resolving deltas:   3% (26/837)Resolving deltas:   4% (34/837)Resolving deltas:   5% (42/837)Resolving deltas:  13% (112/837)Resolving deltas:  14% (121/837)Resolving deltas:  16% (139/837)Resolving deltas:  17% (150/837)Resolving deltas:  18% (155/837)Resolving deltas:  19% (163/837)Resolving deltas:  20% (171/837)Resolving deltas:  21% (177/837)Resolving deltas:  22% (186/837)Resolving deltas:  24% (207/837)Resolving deltas:  25% (216/837)Resolving deltas:  26% (220/837)Resolving deltas:  27% (230/837)Resolving deltas:  29% (247/837)Resolving deltas:  30% (255/837)Resolving deltas:  31% (262/837)Resolving deltas:  32% (271/837)Resolving deltas:  34% (285/837)Resolving deltas:  35% (295/837)Resolving deltas:  36% (306/837)Resolving deltas:  37% (311/837)Resolving deltas:  38% (319/837)Resolving deltas:  39% (331/837)Resolving deltas:  40% (335/837)Resolving deltas:  42% (353/837)Resolving deltas:  43% (360/837)Resolving deltas:  44% (369/837)Resolving deltas:  45% (381/837)Resolving deltas:  47% (397/837)Resolving deltas:  49% (412/837)Resolving deltas:  50% (423/837)Resolving deltas:  51% (432/837)Resolving deltas:  53% (446/837)Resolving deltas:  54% (453/837)Resolving deltas:  55% (461/837)Resolving deltas:  56% (471/837)Resolving deltas:  57% (480/837)Resolving deltas:  59% (494/837)Resolving deltas:  60% (505/837)Resolving deltas:  61% (516/837)Resolving deltas:  62% (525/837)Resolving deltas:  63% (535/837)Resolving deltas:  64% (537/837)Resolving deltas:  65% (549/837)Resolving deltas:  66% (554/837)Resolving deltas:  67% (561/837)Resolving deltas:  68% (577/837)Resolving deltas:  69% (584/837)Resolving deltas:  70% (590/837)Resolving deltas:  71% (596/837)Resolving deltas:  72% (610/837)Resolving deltas:  74% (627/837)Resolving deltas:  75% (628/837)Resolving deltas:  76% (638/837)Resolving deltas:  77% (646/837)Resolving deltas:  78% (654/837)Resolving deltas:  80% (677/837)Resolving deltas:  83% (697/837)Resolving deltas:  84% (705/837)Resolving deltas:  85% (713/837)Resolving deltas:  87% (733/837)Resolving deltas:  88% (737/837)Resolving deltas:  89% (753/837)Resolving deltas:  91% (768/837)Resolving deltas:  92% (774/837)Resolving deltas:  93% (782/837)Resolving deltas:  94% (791/837)Resolving deltas: 100% (837/837)Resolving deltas: 100% (837/837), done.
]0;vishwanath@TIGER02711: /mnt/d/Git/my_project[01;32mvishwanath@TIGER02711[00m:[01;34m/mnt/d/Git/my_project[00m$ cd ticgit/
]0;vishwanath@TIGER02711: /mnt/d/Git/my_project/ticgit[01;32mvishwanath@TIGER02711[00m:[01;34m/mnt/d/Git/my_project/ticgit[00m$ git remote
origin
]0;vishwanath@TIGER02711: /mnt/d/Git/my_project/ticgit[01;32mvishwanath@TIGER02711[00m:[01;34m/mnt/d/Git/my_project/ticgit[00m$ git remote -v
origin	https://github.com/schacon/ticgit (fetch)
origin	https://github.com/schacon/ticgit (push)
]0;vishwanath@TIGER02711: /mnt/d/Git/my_project/ticgit[01;32mvishwanath@TIGER02711[00m:[01;34m/mnt/d/Git/my_project/ticgit[00m$ cd grit
bash: cd: grit: No such file or directory
]0;vishwanath@TIGER02711: /mnt/d/Git/my_project/ticgit[01;32mvishwanath@TIGER02711[00m:[01;34m/mnt/d/Git/my_project/ticgit[00m$ git remote -v
origin	https://github.com/schacon/ticgit (fetch)
origin	https://github.com/schacon/ticgit (push)
]0;vishwanath@TIGER02711: /mnt/d/Git/my_project/ticgit[01;32mvishwanath@TIGER02711[00m:[01;34m/mnt/d/Git/my_project/ticgit[00m$ git remote
origin
]0;vishwanath@TIGER02711: /mnt/d/Git/my_project/ticgit[01;32mvishwanath@TIGER02711[00m:[01;34m/mnt/d/Git/my_project/ticgit[00m$ git remote add pb https://github.com/paulboone/ticgit
]0;vishwanath@TIGER02711: /mnt/d/Git/my_project/ticgit[01;32mvishwanath@TIGER02711[00m:[01;34m/mnt/d/Git/my_project/ticgit[00m$ git remor[Kte -v
origin	https://github.com/schacon/ticgit (fetch)
origin	https://github.com/schacon/ticgit (push)
pb	https://github.com/paulboone/ticgit (fetch)
pb	https://github.com/paulboone/ticgit (push)
]0;vishwanath@TIGER02711: /mnt/d/Git/my_project/ticgit[01;32mvishwanath@TIGER02711[00m:[01;34m/mnt/d/Git/my_project/ticgit[00m$ fit [K[K[K[Kgit fetch pb
remote: Enumerating objects: 43, done.[K
remote: Counting objects:   4% (1/22)[Kremote: Counting objects:   9% (2/22)[Kremote: Counting objects:  13% (3/22)[Kremote: Counting objects:  18% (4/22)[Kremote: Counting objects:  22% (5/22)[Kremote: Counting objects:  27% (6/22)[Kremote: Counting objects:  31% (7/22)[Kremote: Counting objects:  36% (8/22)[Kremote: Counting objects:  40% (9/22)[Kremote: Counting objects:  45% (10/22)[Kremote: Counting objects:  50% (11/22)[Kremote: Counting objects:  54% (12/22)[Kremote: Counting objects:  59% (13/22)[Kremote: Counting objects:  63% (14/22)[Kremote: Counting objects:  68% (15/22)[Kremote: Counting objects:  72% (16/22)[Kremote: Counting objects:  77% (17/22)[Kremote: Counting objects:  81% (18/22)[Kremote: Counting objects:  86% (19/22)[Kremote: Counting objects:  90% (20/22)[Kremote: Counting objects:  95% (21/22)[Kremote: Counting objects: 100% (22/22)[Kremote: Counting objects: 100% (22/22), done.[K
remote: Total 43 (delta 22), reused 22 (delta 22), pack-reused 21[K
Unpacking objects:   2% (1/43)Unpacking objects:   4% (2/43)Unpacking objects:   6% (3/43)Unpacking objects:   9% (4/43)Unpacking objects:  11% (5/43)Unpacking objects:  13% (6/43)Unpacking objects:  16% (7/43)Unpacking objects:  18% (8/43)Unpacking objects:  20% (9/43)Unpacking objects:  23% (10/43)Unpacking objects:  25% (11/43)Unpacking objects:  27% (12/43)Unpacking objects:  30% (13/43)Unpacking objects:  32% (14/43)Unpacking objects:  34% (15/43)Unpacking objects:  37% (16/43)Unpacking objects:  39% (17/43)Unpacking objects:  41% (18/43)Unpacking objects:  44% (19/43)Unpacking objects:  46% (20/43)Unpacking objects:  48% (21/43)Unpacking objects:  51% (22/43)Unpacking objects:  53% (23/43)Unpacking objects:  55% (24/43)Unpacking objects:  58% (25/43)Unpacking objects:  60% (26/43)Unpacking objects:  62% (27/43)Unpacking objects:  65% (28/43)Unpacking objects:  67% (29/43)Unpacking objects:  69% (30/43)Unpacking objects:  72% (31/43)Unpacking objects:  74% (32/43)Unpacking objects:  76% (33/43)Unpacking objects:  79% (34/43)Unpacking objects:  81% (35/43)Unpacking objects:  83% (36/43)Unpacking objects:  86% (37/43)Unpacking objects:  88% (38/43)Unpacking objects:  90% (39/43)Unpacking objects:  93% (40/43)Unpacking objects:  95% (41/43)Unpacking objects:  97% (42/43)Unpacking objects: 100% (43/43)Unpacking objects: 100% (43/43), 5.99 KiB | 23.00 KiB/s, done.
From https://github.com/paulboone/ticgit
 * [new branch]      master     -> pb/master
 * [new branch]      ticgit     -> pb/ticgit
]0;vishwanath@TIGER02711: /mnt/d/Git/my_project/ticgit[01;32mvishwanath@TIGER02711[00m:[01;34m/mnt/d/Git/my_project/ticgit[00m$ git remote shown[K origin 
* remote origin
  Fetch URL: https://github.com/schacon/ticgit
  Push  URL: https://github.com/schacon/ticgit
  HEAD branch: master
  Remote branches:
    master tracked
    ticgit tracked
  Local branch configured for 'git pull':
    master merges with remote master
  Local ref configured for 'git push':
    master pushes to master (up to date)
]0;vishwanath@TIGER02711: /mnt/d/Git/my_project/ticgit[01;32mvishwanath@TIGER02711[00m:[01;34m/mnt/d/Git/my_project/ticgit[00m$ git remore [K[K[Kte name[K[K[K[Krename paul 
usage: git remote rename <old> <new>

]0;vishwanath@TIGER02711: /mnt/d/Git/my_project/ticgit[01;32mvishwanath@TIGER02711[00m:[01;34m/mnt/d/Git/my_project/ticgit[00m$ git remote rename pb paul 
]0;vishwanath@TIGER02711: /mnt/d/Git/my_project/ticgit[01;32mvishwanath@TIGER02711[00m:[01;34m/mnt/d/Git/my_project/ticgit[00m$ git remote
origin
paul
]0;vishwanath@TIGER02711: /mnt/d/Git/my_project/ticgit[01;32mvishwanath@TIGER02711[00m:[01;34m/mnt/d/Git/my_project/ticgit[00m$ git remote remove paul 
]0;vishwanath@TIGER02711: /mnt/d/Git/my_project/ticgit[01;32mvishwanath@TIGER02711[00m:[01;34m/mnt/d/Git/my_project/ticgit[00m$ git remote
origin
]0;vishwanath@TIGER02711: /mnt/d/Git/my_project/ticgit[01;32mvishwanath@TIGER02711[00m:[01;34m/mnt/d/Git/my_project/ticgit[00m$ gitt [K[K tag
[?1h=[K[?1l>]0;vishwanath@TIGER02711: /mnt/d/Git/my_project/ticgit[01;32mvishwanath@TIGER02711[00m:[01;34m/mnt/d/Git/my_project/ticgit[00m$ git tah[Kg -l "vi[K1.8.5"[K*'[K"
[?1h=[K[?1l>]0;vishwanath@TIGER02711: /mnt/d/Git/my_project/ticgit[01;32mvishwanath@TIGER02711[00m:[01;34m/mnt/d/Git/my_project/ticgit[00m$ fit show v1.4

Command 'fit' not found, did you mean:

  command 'lfit' from deb fitsh (0.9.2-1)
  command 'fid' from deb id-utils (4.6+git20120811-4ubuntu2)
  command 'fet' from deb fet (5.42.2-2build1)
  command 'fim' from deb fim (0.5.3-2build1)
  command 'fio' from deb fio (3.16-1)
  command 'git' from deb git (1:2.25.1-1ubuntu3.2)
  command 'fmt' from deb coreutils (8.30-3ubuntu2)
  command 'vit' from deb vit (2.0.0-1)
  command 'wit' from deb wit (3.01a-2)
  command 'fmit' from deb fmit (1.2.6-0.2build1)
  command 'fis' from deb redboot-tools (0.7build3)

Try: sudo apt install <deb name>

]0;vishwanath@TIGER02711: /mnt/d/Git/my_project/ticgit[01;32mvishwanath@TIGER02711[00m:[01;34m/mnt/d/Git/my_project/ticgit[00m$ git show v1.4
fatal: ambiguous argument 'v1.4': unknown revision or path not in the working tree.
Use '--' to separate paths from revisions, like this:
'git <command> [<revision>...] -- [<file>...]'
]0;vishwanath@TIGER02711: /mnt/d/Git/my_project/ticgit[01;32mvishwanath@TIGER02711[00m:[01;34m/mnt/d/Git/my_project/ticgit[00m$ cd ..
]0;vishwanath@TIGER02711: /mnt/d/Git/my_project[01;32mvishwanath@TIGER02711[00m:[01;34m/mnt/d/Git/my_project[00m$ cd ..git show v1.4
fatal: ambiguous argument 'v1.4': unknown revision or path not in the working tree.
Use '--' to separate paths from revisions, like this:
'git <command> [<revision>...] -- [<file>...]'
]0;vishwanath@TIGER02711: /mnt/d/Git/my_project[01;32mvishwanath@TIGER02711[00m:[01;34m/mnt/d/Git/my_project[00m$ git tag 
[?1h=[K[?1l>]0;vishwanath@TIGER02711: /mnt/d/Git/my_project[01;32mvishwanath@TIGER02711[00m:[01;34m/mnt/d/Git/my_project[00m$ git tag show v1.4[8Pcd ..git show v1.4f[C[C[C[C[C[C[C[C[C[C[C[Cgit tag -l "v1.8.5*"
[?1h=[K[?1l>]0;vishwanath@TIGER02711: /mnt/d/Git/my_project[01;32mvishwanath@TIGER02711[00m:[01;34m/mnt/d/Git/my_project[00m$ git show v1.4
fatal: ambiguous argument 'v1.4': unknown revision or path not in the working tree.
Use '--' to separate paths from revisions, like this:
'git <command> [<revision>...] -- [<file>...]'
]0;vishwanath@TIGER02711: /mnt/d/Git/my_project[01;32mvishwanath@TIGER02711[00m:[01;34m/mnt/d/Git/my_project[00m$ git tag -l
[?1h=[K[?1l>]0;vishwanath@TIGER02711: /mnt/d/Git/my_project[01;32mvishwanath@TIGER02711[00m:[01;34m/mnt/d/Git/my_project[00m$ git af[Kdd README[K[K[K[K[K[K[K[K[K[K[K[K[K[Kgit add README test [K.rb Li[KICENSE
fatal: pathspec 'test.rb' did not match any files
]0;vishwanath@TIGER02711: /mnt/d/Git/my_project[01;32mvishwanath@TIGER02711[00m:[01;34m/mnt/d/Git/my_project[00m$ echo 'test.rb'
test.rb
]0;vishwanath@TIGER02711: /mnt/d/Git/my_project[01;32mvishwanath@TIGER02711[00m:[01;34m/mnt/d/Git/my_project[00m$ git status
On branch master
Changes not staged for commit:
  (use "git add <file>..." to update what will be committed)
  (use "git restore <file>..." to discard changes in working directory)
	[31mmodified:   README[m

Untracked files:
  (use "git add <file>..." to include in what will be committed)
	[31mticgit/[m

no changes added to commit (use "git add" and/or "git commit -a")
]0;vishwanath@TIGER02711: /mnt/d/Git/my_project[01;32mvishwanath@TIGER02711[00m:[01;34m/mnt/d/Git/my_project[00m$ git statusecho 'test.rb'git add README test.rb LICENSE
fatal: pathspec 'LICENSE' did not match any files
]0;vishwanath@TIGER02711: /mnt/d/Git/my_project[01;32mvishwanath@TIGER02711[00m:[01;34m/mnt/d/Git/my_project[00m$ git commit -m "THir[K[K[Khird_Draft"
On branch master
Changes not staged for commit:
  (use "git add <file>..." to update what will be committed)
  (use "git restore <file>..." to discard changes in working directory)
	[31mmodified:   README[m

Untracked files:
  (use "git add <file>..." to include in what will be committed)
	[31mticgit/[m

no changes added to commit (use "git add" and/or "git commit -a")
]0;vishwanath@TIGER02711: /mnt/d/Git/my_project[01;32mvishwanath@TIGER02711[00m:[01;34m/mnt/d/Git/my_project[00m$ git add README c[KCONTRIBUTING.md Fo[K[Kforgotten_file.txt 
]0;vishwanath@TIGER02711: /mnt/d/Git/my_project[01;32mvishwanath@TIGER02711[00m:[01;34m/mnt/d/Git/my_project[00m$ git commit -m "Fourth_Draft"
[master cc1b71c] Fourth_Draft
 1 file changed, 3 insertions(+)
]0;vishwanath@TIGER02711: /mnt/d/Git/my_project[01;32mvishwanath@TIGER02711[00m:[01;34m/mnt/d/Git/my_project[00m$ git branch testing
]0;vishwanath@TIGER02711: /mnt/d/Git/my_project[01;32mvishwanath@TIGER02711[00m:[01;34m/mnt/d/Git/my_project[00m$ git log --online[K[K[K[K[Kneline --decorate
[?1h=[33mcc1b71c[m[33m ([m[1;36mHEAD -> [m[1;32mmaster[m[33m, [m[1;32mtesting[m[33m)[m Fourth_Draft[m
[33m259b6d6[m Second_Draft[m
[33mcbb7884[m Initial_Draft[m
[K[?1l>]0;vishwanath@TIGER02711: /mnt/d/Git/my_project[01;32mvishwanath@TIGER02711[00m:[01;34m/mnt/d/Git/my_project[00m$ git checkout testing
Switched to branch 'testing'
]0;vishwanath@TIGER02711: /mnt/d/Git/my_project[01;32mvishwanath@TIGER02711[00m:[01;34m/mnt/d/Git/my_project[00m$ git checkout master
Switched to branch 'master'
]0;vishwanath@TIGER02711: /mnt/d/Git/my_project[01;32mvishwanath@TIGER02711[00m:[01;34m/mnt/d/Git/my_project[00m$ git log
[?1h=[33mcommit cc1b71c1913ebc24fd9c96c2ba6b45b313877fb7[m[33m ([m[1;36mHEAD -> [m[1;32mmaster[m[33m, [m[1;32mtesting[m[33m)[m[m
Author: Vishwanath-tiger <vishwanath.mural@tigeranalytics.com>[m
Date:   Wed Jun 1 16:22:05 2022 +0530[m
[m
    Fourth_Draft[m
[m
[33mcommit 259b6d6aac1ce38397a0a572a743f33ba2c60aa0[m[m
Author: Vishwanath-tiger <vishwanath.mural@tigeranalytics.com>[m
Date:   Wed Jun 1 14:47:41 2022 +0530[m
[m
    Second_Draft[m
[m
[33mcommit cbb7884cfb682655d7db9f32116c74a3da631497[m[m
Author: Vishwanath-tiger <vishwanath.mural@tigeranalytics.com>[m
Date:   Wed Jun 1 13:02:10 2022 +0530[m
[m
    Initial_Draft[m
[K[?1l>]0;vishwanath@TIGER02711: /mnt/d/Git/my_project[01;32mvishwanath@TIGER02711[00m:[01;34m/mnt/d/Git/my_project[00m$ git status
On branch master
Untracked files:
  (use "git add <file>..." to include in what will be committed)
	[31mticgit/[m

nothing added to commit but untracked files present (use "git add" to track)
]0;vishwanath@TIGER02711: /mnt/d/Git/my_project[01;32mvishwanath@TIGER02711[00m:[01;34m/mnt/d/Git/my_project[00m$ git branch iss53 *master testing
usage: git branch [<options>] [-r | -a] [--merged | --no-merged]
   or: git branch [<options>] [-l] [-f] <branch-name> [<start-point>]
   or: git branch [<options>] [-r] (-d | -D) <branch-name>...
   or: git branch [<options>] (-m | -M) [<old-branch>] <new-branch>
   or: git branch [<options>] (-c | -C) [<old-branch>] <new-branch>
   or: git branch [<options>] [-r | -a] [--points-at]
   or: git branch [<options>] [-r | -a] [--format]

Generic options
    -v, --verbose         show hash and subject, give twice for upstream branch
    -q, --quiet           suppress informational messages
    -t, --track           set up tracking mode (see git-pull(1))
    -u, --set-upstream-to <upstream>
                          change the upstream info
    --unset-upstream      unset the upstream info
    --color[=<when>]      use colored output
    -r, --remotes         act on remote-tracking branches
    --contains <commit>   print only branches that contain the commit
    --no-contains <commit>
                          print only branches that don't contain the commit
    --abbrev[=<n>]        use <n> digits to display SHA-1s

Specific git-branch actions:
    -a, --all             list both remote-tracking and local branches
    -d, --delete          delete fully merged branch
    -D                    delete branch (even if not merged)
    -m, --move            move/rename a branch and its reflog
    -M                    move/rename a branch, even if target exists
    -c, --copy            copy a branch and its reflog
    -C                    copy a branch, even if target exists
    -l, --list            list branch names
    --show-current        show current branch name
    --create-reflog       create the branch's reflog
    --edit-description    edit the description for the branch
    -f, --force           force creation, move/rename, deletion
    --merged <commit>     print only branches that are merged
    --no-merged <commit>  print only branches that are not merged
    --column[=<style>]    list branches in columns
    --sort <key>          field name to sort on
    --points-at <object>  print only branches of the object
    -i, --ignore-case     sorting and filtering are case insensitive
    --format <format>     format to use for the output

]0;vishwanath@TIGER02711: /mnt/d/Git/my_project[01;32mvishwanath@TIGER02711[00m:[01;34m/mnt/d/Git/my_project[00m$ git branch -v
[?1h=* [32mmaster [m cc1b71c Fourth_Draft[m
  testing[m cc1b71c Fourth_Draft[m
[K[?1l>]0;vishwanath@TIGER02711: /mnt/d/Git/my_project[01;32mvishwanath@TIGER02711[00m:[01;34m/mnt/d/Git/my_project[00m$ git merged [K[K[K[K[K[K[Kbranch --merged iss53 *master
fatal: malformed object name iss53
]0;vishwanath@TIGER02711: /mnt/d/Git/my_project[01;32mvishwanath@TIGER02711[00m:[01;34m/mnt/d/Git/my_project[00m$ git branch --merged iss53 *master master[C[C[C[C[C[C
fatal: malformed object name iss53
]0;vishwanath@TIGER02711: /mnt/d/Git/my_project[01;32mvishwanath@TIGER02711[00m:[01;34m/mnt/d/Git/my_project[00m$ git branch --no [K-merged testing
[?1h=[K[?1l>]0;vishwanath@TIGER02711: /mnt/d/Git/my_project[01;32mvishwanath@TIGER02711[00m:[01;34m/mnt/d/Git/my_project[00m$ git brancj [K[Kh -d testing
Deleted branch testing (was cc1b71c).
]0;vishwanath@TIGER02711: /mnt/d/Git/my_project[01;32mvishwanath@TIGER02711[00m:[01;34m/mnt/d/Git/my_project[00m$ git branch  [K--move bad-branch-name corrected-branch-name
error: refname refs/heads/bad-branch-name not found
fatal: Branch rename failed
]0;vishwanath@TIGER02711: /mnt/d/Git/my_project[01;32mvishwanath@TIGER02711[00m:[01;34m/mnt/d/Git/my_project[00m$ git push origin serverfix
error: src refspec serverfix does not match any
[31merror: failed to push some refs to 'origin'
[m]0;vishwanath@TIGER02711: /mnt/d/Git/my_project[01;32mvishwanath@TIGER02711[00m:[01;34m/mnt/d/Git/my_project[00m$ git v[Kcheckout experiment
error: pathspec 'experiment' did not match any file(s) known to git
]0;vishwanath@TIGER02711: /mnt/d/Git/my_project[01;32mvishwanath@TIGER02711[00m:[01;34m/mnt/d/Git/my_project[00m$ git checkout master
Already on 'master'
]0;vishwanath@TIGER02711: /mnt/d/Git/my_project[01;32mvishwanath@TIGER02711[00m:[01;34m/mnt/d/Git/my_project[00m$ git rebase -- [Konto master server client
fatal: invalid upstream 'server'
]0;vishwanath@TIGER02711: /mnt/d/Git/my_project[01;32mvishwanath@TIGER02711[00m:[01;34m/mnt/d/Git/my_project[00m$ exit
exit
There are stopped jobs.
]0;vishwanath@TIGER02711: /mnt/d/Git/my_project[01;32mvishwanath@TIGER02711[00m:[01;34m/mnt/d/Git/my_project[00m$ cd
]0;vishwanath@TIGER02711: ~[01;32mvishwa